// Jest Snapshot v1, https://goo.gl/fbAQLP

exports[`Button component renders a Button by default 1`] = `<a />`;

exports[`Button component renders the button from props 1`] = `
<a
  className="test-class-name"
  data-other="test-other-prop"
>
  <p>
    test children
  </p>
</a>
`;
