// Jest Snapshot v1, https://goo.gl/fbAQLP

exports[`UserLandingPage component renders a .UserLandingPage by default 1`] = `
<ContextConsumer>
  <Component />
</ContextConsumer>
`;
