// Jest Snapshot v1, https://goo.gl/fbAQLP

exports[`ScrollToTop component renders a ScrollToTop by default 1`] = `
<ContextConsumer>
  <Component />
</ContextConsumer>
`;
